CREATE EXTENSION pg_conf_eu;
SELECT pg_conf_eu('{}', '{}');
 pg_conf_eu 
------------
 
(1 row)

